// Jest Snapshot v1, https://goo.gl/fbAQLP

exports[`Page: HabitSessionForm Snapshot test 1`] = `
<Fragment>
  <HabitHeader
    backTo="/records"
    habitName="読書する"
  />
  <StyledCard>
    <styled.div>
      <div
        onClick={[Function]}
      >
        <span
          className="fas fa-angle-left"
        />
      </div>
      <div>
        2020年02月
      </div>
      <div
        onClick={[Function]}
      >
        <span
          className="fas fa-angle-right"
        />
      </div>
    </styled.div>
    <styled.table>
      <thead>
        <tr>
          <th>
            日
          </th>
          <th>
            月
          </th>
          <th>
            火
          </th>
          <th>
            水
          </th>
          <th>
            木
          </th>
          <th>
            金
          </th>
          <th>
            土
          </th>
        </tr>
      </thead>
      <tbody>
        <tr
          key="0"
        >
          <td
            align="center"
            key="0"
          />
          <td
            align="center"
            key="1"
          />
          <td
            align="center"
            key="2"
          />
          <td
            align="center"
            key="3"
          />
          <td
            align="center"
            key="4"
          />
          <td
            align="center"
            key="5"
          />
          <td
            align="center"
            key="6"
          >
            <input
              checked={false}
              id="2020-02-01"
              onChange={[Function]}
              type="checkbox"
            />
            <label
              htmlFor="2020-02-01"
            >
              1
            </label>
          </td>
        </tr>
        <tr
          key="1"
        >
          <td
            align="center"
            key="0"
          >
            <input
              checked={false}
              id="2020-02-02"
              onChange={[Function]}
              type="checkbox"
            />
            <label
              htmlFor="2020-02-02"
            >
              2
            </label>
          </td>
          <td
            align="center"
            key="1"
          >
            <input
              checked={false}
              id="2020-02-03"
              onChange={[Function]}
              type="checkbox"
            />
            <label
              htmlFor="2020-02-03"
            >
              3
            </label>
          </td>
          <td
            align="center"
            key="2"
          >
            <input
              checked={false}
              id="2020-02-04"
              onChange={[Function]}
              type="checkbox"
            />
            <label
              htmlFor="2020-02-04"
            >
              4
            </label>
          </td>
          <td
            align="center"
            key="3"
          >
            <input
              checked={false}
              id="2020-02-05"
              onChange={[Function]}
              type="checkbox"
            />
            <label
              htmlFor="2020-02-05"
            >
              5
            </label>
          </td>
          <td
            align="center"
            key="4"
          >
            <input
              checked={false}
              id="2020-02-06"
              onChange={[Function]}
              type="checkbox"
            />
            <label
              htmlFor="2020-02-06"
            >
              6
            </label>
          </td>
          <td
            align="center"
            key="5"
          >
            <input
              checked={false}
              id="2020-02-07"
              onChange={[Function]}
              type="checkbox"
            />
            <label
              htmlFor="2020-02-07"
            >
              7
            </label>
          </td>
          <td
            align="center"
            key="6"
          >
            <input
              checked={false}
              id="2020-02-08"
              onChange={[Function]}
              type="checkbox"
            />
            <label
              htmlFor="2020-02-08"
            >
              8
            </label>
          </td>
        </tr>
        <tr
          key="2"
        >
          <td
            align="center"
            key="0"
          >
            <input
              checked={false}
              id="2020-02-09"
              onChange={[Function]}
              type="checkbox"
            />
            <label
              htmlFor="2020-02-09"
            >
              9
            </label>
          </td>
          <td
            align="center"
            key="1"
          >
            <input
              checked={false}
              id="2020-02-10"
              onChange={[Function]}
              type="checkbox"
            />
            <label
              htmlFor="2020-02-10"
            >
              10
            </label>
          </td>
          <td
            align="center"
            key="2"
          >
            <input
              checked={false}
              id="2020-02-11"
              onChange={[Function]}
              type="checkbox"
            />
            <label
              htmlFor="2020-02-11"
            >
              11
            </label>
          </td>
          <td
            align="center"
            key="3"
          >
            <input
              checked={false}
              id="2020-02-12"
              onChange={[Function]}
              type="checkbox"
            />
            <label
              htmlFor="2020-02-12"
            >
              12
            </label>
          </td>
          <td
            align="center"
            key="4"
          >
            <input
              checked={false}
              id="2020-02-13"
              onChange={[Function]}
              type="checkbox"
            />
            <label
              htmlFor="2020-02-13"
            >
              13
            </label>
          </td>
          <td
            align="center"
            key="5"
          >
            <input
              checked={false}
              id="2020-02-14"
              onChange={[Function]}
              type="checkbox"
            />
            <label
              htmlFor="2020-02-14"
            >
              14
            </label>
          </td>
          <td
            align="center"
            key="6"
          >
            <input
              checked={false}
              id="2020-02-15"
              onChange={[Function]}
              type="checkbox"
            />
            <label
              htmlFor="2020-02-15"
            >
              15
            </label>
          </td>
        </tr>
        <tr
          key="3"
        >
          <td
            align="center"
            key="0"
          >
            <input
              checked={false}
              id="2020-02-16"
              onChange={[Function]}
              type="checkbox"
            />
            <label
              htmlFor="2020-02-16"
            >
              16
            </label>
          </td>
          <td
            align="center"
            key="1"
          >
            <input
              checked={false}
              id="2020-02-17"
              onChange={[Function]}
              type="checkbox"
            />
            <label
              htmlFor="2020-02-17"
            >
              17
            </label>
          </td>
          <td
            align="center"
            key="2"
          >
            <input
              checked={false}
              id="2020-02-18"
              onChange={[Function]}
              type="checkbox"
            />
            <label
              htmlFor="2020-02-18"
            >
              18
            </label>
          </td>
          <td
            align="center"
            key="3"
          >
            <input
              checked={false}
              id="2020-02-19"
              onChange={[Function]}
              type="checkbox"
            />
            <label
              htmlFor="2020-02-19"
            >
              19
            </label>
          </td>
          <td
            align="center"
            key="4"
          >
            <input
              checked={false}
              id="2020-02-20"
              onChange={[Function]}
              type="checkbox"
            />
            <label
              htmlFor="2020-02-20"
            >
              20
            </label>
          </td>
          <td
            align="center"
            key="5"
          >
            <input
              checked={false}
              id="2020-02-21"
              onChange={[Function]}
              type="checkbox"
            />
            <label
              htmlFor="2020-02-21"
            >
              21
            </label>
          </td>
          <td
            align="center"
            key="6"
          >
            <input
              checked={false}
              id="2020-02-22"
              onChange={[Function]}
              type="checkbox"
            />
            <label
              htmlFor="2020-02-22"
            >
              22
            </label>
          </td>
        </tr>
        <tr
          key="4"
        >
          <td
            align="center"
            key="0"
          >
            <input
              checked={false}
              id="2020-02-23"
              onChange={[Function]}
              type="checkbox"
            />
            <label
              htmlFor="2020-02-23"
            >
              23
            </label>
          </td>
          <td
            align="center"
            key="1"
          >
            <input
              checked={false}
              id="2020-02-24"
              onChange={[Function]}
              type="checkbox"
            />
            <label
              htmlFor="2020-02-24"
            >
              24
            </label>
          </td>
          <td
            align="center"
            key="2"
          >
            <input
              checked={false}
              id="2020-02-25"
              onChange={[Function]}
              type="checkbox"
            />
            <label
              htmlFor="2020-02-25"
            >
              25
            </label>
          </td>
          <td
            align="center"
            key="3"
          >
            <input
              checked={false}
              id="2020-02-26"
              onChange={[Function]}
              type="checkbox"
            />
            <label
              htmlFor="2020-02-26"
            >
              26
            </label>
          </td>
          <td
            align="center"
            key="4"
          >
            <input
              checked={false}
              id="2020-02-27"
              onChange={[Function]}
              type="checkbox"
            />
            <label
              htmlFor="2020-02-27"
            >
              27
            </label>
          </td>
          <td
            align="center"
            key="5"
          >
            <input
              checked={false}
              id="2020-02-28"
              onChange={[Function]}
              type="checkbox"
            />
            <label
              htmlFor="2020-02-28"
            >
              28
            </label>
          </td>
          <td
            align="center"
            key="6"
          >
            <input
              checked={false}
              id="2020-02-29"
              onChange={[Function]}
              type="checkbox"
            />
            <label
              htmlFor="2020-02-29"
            >
              29
            </label>
          </td>
        </tr>
      </tbody>
    </styled.table>
  </StyledCard>
</Fragment>
`;
