// Jest Snapshot v1, https://goo.gl/fbAQLP

exports[`Page: Record Snapshot test 1`] = `
<div
  className="App"
>
  <StyledCard>
    <div
      className="date"
    >
      <styled.div>
        <div>
          2月8日
        </div>
        <styled.a />
      </styled.div>
      <styled.ul
        id="datelist"
      >
        <li
          key="0"
        >
          <styled.div>
            <input
              checked={false}
              id="2020-01-09"
              name="date"
              onChange={[Function]}
              type="radio"
              value="2020-01-09"
            />
            <label
              htmlFor="2020-01-09"
            >
              <div>
                <div>
                  木
                </div>
                <div>
                  9
                </div>
              </div>
            </label>
          </styled.div>
        </li>
        <li
          key="1"
        >
          <styled.div>
            <input
              checked={false}
              id="2020-01-10"
              name="date"
              onChange={[Function]}
              type="radio"
              value="2020-01-10"
            />
            <label
              htmlFor="2020-01-10"
            >
              <div>
                <div>
                  金
                </div>
                <div>
                  10
                </div>
              </div>
            </label>
          </styled.div>
        </li>
        <li
          key="2"
        >
          <styled.div>
            <input
              checked={false}
              id="2020-01-11"
              name="date"
              onChange={[Function]}
              type="radio"
              value="2020-01-11"
            />
            <label
              htmlFor="2020-01-11"
            >
              <div>
                <div>
                  土
                </div>
                <div>
                  11
                </div>
              </div>
            </label>
          </styled.div>
        </li>
        <li
          key="3"
        >
          <styled.div>
            <input
              checked={false}
              id="2020-01-12"
              name="date"
              onChange={[Function]}
              type="radio"
              value="2020-01-12"
            />
            <label
              htmlFor="2020-01-12"
            >
              <div>
                <div>
                  日
                </div>
                <div>
                  12
                </div>
              </div>
            </label>
          </styled.div>
        </li>
        <li
          key="4"
        >
          <styled.div>
            <input
              checked={false}
              id="2020-01-13"
              name="date"
              onChange={[Function]}
              type="radio"
              value="2020-01-13"
            />
            <label
              htmlFor="2020-01-13"
            >
              <div>
                <div>
                  月
                </div>
                <div>
                  13
                </div>
              </div>
            </label>
          </styled.div>
        </li>
        <li
          key="5"
        >
          <styled.div>
            <input
              checked={false}
              id="2020-01-14"
              name="date"
              onChange={[Function]}
              type="radio"
              value="2020-01-14"
            />
            <label
              htmlFor="2020-01-14"
            >
              <div>
                <div>
                  火
                </div>
                <div>
                  14
                </div>
              </div>
            </label>
          </styled.div>
        </li>
        <li
          key="6"
        >
          <styled.div>
            <input
              checked={false}
              id="2020-01-15"
              name="date"
              onChange={[Function]}
              type="radio"
              value="2020-01-15"
            />
            <label
              htmlFor="2020-01-15"
            >
              <div>
                <div>
                  水
                </div>
                <div>
                  15
                </div>
              </div>
            </label>
          </styled.div>
        </li>
        <li
          key="7"
        >
          <styled.div>
            <input
              checked={false}
              id="2020-01-16"
              name="date"
              onChange={[Function]}
              type="radio"
              value="2020-01-16"
            />
            <label
              htmlFor="2020-01-16"
            >
              <div>
                <div>
                  木
                </div>
                <div>
                  16
                </div>
              </div>
            </label>
          </styled.div>
        </li>
        <li
          key="8"
        >
          <styled.div>
            <input
              checked={false}
              id="2020-01-17"
              name="date"
              onChange={[Function]}
              type="radio"
              value="2020-01-17"
            />
            <label
              htmlFor="2020-01-17"
            >
              <div>
                <div>
                  金
                </div>
                <div>
                  17
                </div>
              </div>
            </label>
          </styled.div>
        </li>
        <li
          key="9"
        >
          <styled.div>
            <input
              checked={false}
              id="2020-01-18"
              name="date"
              onChange={[Function]}
              type="radio"
              value="2020-01-18"
            />
            <label
              htmlFor="2020-01-18"
            >
              <div>
                <div>
                  土
                </div>
                <div>
                  18
                </div>
              </div>
            </label>
          </styled.div>
        </li>
        <li
          key="10"
        >
          <styled.div>
            <input
              checked={false}
              id="2020-01-19"
              name="date"
              onChange={[Function]}
              type="radio"
              value="2020-01-19"
            />
            <label
              htmlFor="2020-01-19"
            >
              <div>
                <div>
                  日
                </div>
                <div>
                  19
                </div>
              </div>
            </label>
          </styled.div>
        </li>
        <li
          key="11"
        >
          <styled.div>
            <input
              checked={false}
              id="2020-01-20"
              name="date"
              onChange={[Function]}
              type="radio"
              value="2020-01-20"
            />
            <label
              htmlFor="2020-01-20"
            >
              <div>
                <div>
                  月
                </div>
                <div>
                  20
                </div>
              </div>
            </label>
          </styled.div>
        </li>
        <li
          key="12"
        >
          <styled.div>
            <input
              checked={false}
              id="2020-01-21"
              name="date"
              onChange={[Function]}
              type="radio"
              value="2020-01-21"
            />
            <label
              htmlFor="2020-01-21"
            >
              <div>
                <div>
                  火
                </div>
                <div>
                  21
                </div>
              </div>
            </label>
          </styled.div>
        </li>
        <li
          key="13"
        >
          <styled.div>
            <input
              checked={false}
              id="2020-01-22"
              name="date"
              onChange={[Function]}
              type="radio"
              value="2020-01-22"
            />
            <label
              htmlFor="2020-01-22"
            >
              <div>
                <div>
                  水
                </div>
                <div>
                  22
                </div>
              </div>
            </label>
          </styled.div>
        </li>
        <li
          key="14"
        >
          <styled.div>
            <input
              checked={false}
              id="2020-01-23"
              name="date"
              onChange={[Function]}
              type="radio"
              value="2020-01-23"
            />
            <label
              htmlFor="2020-01-23"
            >
              <div>
                <div>
                  木
                </div>
                <div>
                  23
                </div>
              </div>
            </label>
          </styled.div>
        </li>
        <li
          key="15"
        >
          <styled.div>
            <input
              checked={false}
              id="2020-01-24"
              name="date"
              onChange={[Function]}
              type="radio"
              value="2020-01-24"
            />
            <label
              htmlFor="2020-01-24"
            >
              <div>
                <div>
                  金
                </div>
                <div>
                  24
                </div>
              </div>
            </label>
          </styled.div>
        </li>
        <li
          key="16"
        >
          <styled.div>
            <input
              checked={false}
              id="2020-01-25"
              name="date"
              onChange={[Function]}
              type="radio"
              value="2020-01-25"
            />
            <label
              htmlFor="2020-01-25"
            >
              <div>
                <div>
                  土
                </div>
                <div>
                  25
                </div>
              </div>
            </label>
          </styled.div>
        </li>
        <li
          key="17"
        >
          <styled.div>
            <input
              checked={false}
              id="2020-01-26"
              name="date"
              onChange={[Function]}
              type="radio"
              value="2020-01-26"
            />
            <label
              htmlFor="2020-01-26"
            >
              <div>
                <div>
                  日
                </div>
                <div>
                  26
                </div>
              </div>
            </label>
          </styled.div>
        </li>
        <li
          key="18"
        >
          <styled.div>
            <input
              checked={false}
              id="2020-01-27"
              name="date"
              onChange={[Function]}
              type="radio"
              value="2020-01-27"
            />
            <label
              htmlFor="2020-01-27"
            >
              <div>
                <div>
                  月
                </div>
                <div>
                  27
                </div>
              </div>
            </label>
          </styled.div>
        </li>
        <li
          key="19"
        >
          <styled.div>
            <input
              checked={false}
              id="2020-01-28"
              name="date"
              onChange={[Function]}
              type="radio"
              value="2020-01-28"
            />
            <label
              htmlFor="2020-01-28"
            >
              <div>
                <div>
                  火
                </div>
                <div>
                  28
                </div>
              </div>
            </label>
          </styled.div>
        </li>
        <li
          key="20"
        >
          <styled.div>
            <input
              checked={false}
              id="2020-01-29"
              name="date"
              onChange={[Function]}
              type="radio"
              value="2020-01-29"
            />
            <label
              htmlFor="2020-01-29"
            >
              <div>
                <div>
                  水
                </div>
                <div>
                  29
                </div>
              </div>
            </label>
          </styled.div>
        </li>
        <li
          key="21"
        >
          <styled.div>
            <input
              checked={false}
              id="2020-01-30"
              name="date"
              onChange={[Function]}
              type="radio"
              value="2020-01-30"
            />
            <label
              htmlFor="2020-01-30"
            >
              <div>
                <div>
                  木
                </div>
                <div>
                  30
                </div>
              </div>
            </label>
          </styled.div>
        </li>
        <li
          key="22"
        >
          <styled.div>
            <input
              checked={false}
              id="2020-01-31"
              name="date"
              onChange={[Function]}
              type="radio"
              value="2020-01-31"
            />
            <label
              htmlFor="2020-01-31"
            >
              <div>
                <div>
                  金
                </div>
                <div>
                  31
                </div>
              </div>
            </label>
          </styled.div>
        </li>
        <li
          key="23"
        >
          <styled.div>
            <input
              checked={false}
              id="2020-02-01"
              name="date"
              onChange={[Function]}
              type="radio"
              value="2020-02-01"
            />
            <label
              htmlFor="2020-02-01"
            >
              <div>
                <div>
                  土
                </div>
                <div>
                  1
                </div>
              </div>
            </label>
          </styled.div>
        </li>
        <li
          key="24"
        >
          <styled.div>
            <input
              checked={false}
              id="2020-02-02"
              name="date"
              onChange={[Function]}
              type="radio"
              value="2020-02-02"
            />
            <label
              htmlFor="2020-02-02"
            >
              <div>
                <div>
                  日
                </div>
                <div>
                  2
                </div>
              </div>
            </label>
          </styled.div>
        </li>
        <li
          key="25"
        >
          <styled.div>
            <input
              checked={false}
              id="2020-02-03"
              name="date"
              onChange={[Function]}
              type="radio"
              value="2020-02-03"
            />
            <label
              htmlFor="2020-02-03"
            >
              <div>
                <div>
                  月
                </div>
                <div>
                  3
                </div>
              </div>
            </label>
          </styled.div>
        </li>
        <li
          key="26"
        >
          <styled.div>
            <input
              checked={false}
              id="2020-02-04"
              name="date"
              onChange={[Function]}
              type="radio"
              value="2020-02-04"
            />
            <label
              htmlFor="2020-02-04"
            >
              <div>
                <div>
                  火
                </div>
                <div>
                  4
                </div>
              </div>
            </label>
          </styled.div>
        </li>
        <li
          key="27"
        >
          <styled.div>
            <input
              checked={false}
              id="2020-02-05"
              name="date"
              onChange={[Function]}
              type="radio"
              value="2020-02-05"
            />
            <label
              htmlFor="2020-02-05"
            >
              <div>
                <div>
                  水
                </div>
                <div>
                  5
                </div>
              </div>
            </label>
          </styled.div>
        </li>
        <li
          key="28"
        >
          <styled.div>
            <input
              checked={false}
              id="2020-02-06"
              name="date"
              onChange={[Function]}
              type="radio"
              value="2020-02-06"
            />
            <label
              htmlFor="2020-02-06"
            >
              <div>
                <div>
                  木
                </div>
                <div>
                  6
                </div>
              </div>
            </label>
          </styled.div>
        </li>
        <li
          key="29"
        >
          <styled.div>
            <input
              checked={false}
              id="2020-02-07"
              name="date"
              onChange={[Function]}
              type="radio"
              value="2020-02-07"
            />
            <label
              htmlFor="2020-02-07"
            >
              <div>
                <div>
                  金
                </div>
                <div>
                  7
                </div>
              </div>
            </label>
          </styled.div>
        </li>
        <li
          key="30"
        >
          <styled.div>
            <input
              checked={true}
              id="2020-02-08"
              name="date"
              onChange={[Function]}
              type="radio"
              value="2020-02-08"
            />
            <label
              htmlFor="2020-02-08"
            >
              <div>
                <div>
                  土
                </div>
                <div>
                  8
                </div>
              </div>
            </label>
          </styled.div>
        </li>
        <li
          key="31"
        >
          <styled.div>
            <input
              checked={false}
              id="2020-02-09"
              name="date"
              onChange={[Function]}
              type="radio"
              value="2020-02-09"
            />
            <label
              htmlFor="2020-02-09"
            >
              <div>
                <div>
                  日
                </div>
                <div>
                  9
                </div>
              </div>
            </label>
          </styled.div>
        </li>
      </styled.ul>
    </div>
  </StyledCard>
  <Connect(HabitList)
    habitRecords={
      Immutable.Record {
        "items": Immutable.List [
          Immutable.Record {
            "habitId": 2,
            "completedAt": "2020-02-08T00:00:00.000Z",
            "isSkipped": false,
          },
          Immutable.Record {
            "habitId": 1,
            "completedAt": "2020-01-07T15:00:00.000Z",
            "isSkipped": false,
          },
        ],
      }
    }
    habits={
      Immutable.Record {
        "items": Immutable.List [
          Immutable.Record {
            "id": 1,
            "habitName": "読書する",
            "repeatType": "day_of_week",
            "repeatValue": 127,
            "startedAt": "2020-02-08T00:00:00.000Z",
            "targetTime": 0,
            "timeOfDay": "",
            "consecutiveDays": 0,
            "consecutiveWeeks": null,
          },
          Immutable.Record {
            "id": 2,
            "habitName": "筋トレ",
            "repeatType": "day_of_week",
            "repeatValue": 127,
            "startedAt": "2020-02-08T00:00:00.000Z",
            "targetTime": 0,
            "timeOfDay": "",
            "consecutiveDays": 0,
            "consecutiveWeeks": null,
          },
          Immutable.Record {
            "id": 3,
            "habitName": "新しいCDを1枚聴く",
            "repeatType": "day_of_week",
            "repeatValue": 127,
            "startedAt": "2020-02-08T00:00:00.000Z",
            "targetTime": 0,
            "timeOfDay": "",
            "consecutiveDays": 0,
            "consecutiveWeeks": null,
          },
        ],
      }
    }
    selectedDate="2020-02-08"
  />
</div>
`;
