// Jest Snapshot v1, https://goo.gl/fbAQLP

exports[`Component: HabitList Snapshot test 1`] = `
<StyledCard>
  <form>
    <styled.div
      key="0"
    >
      <input
        checked={true}
        id="habit_1"
        onChange={[Function]}
        type="checkbox"
      />
      <label
        htmlFor="habit_1"
      >
        <div>
          読書する
        </div>
        <div>
          0
          日連続
        </div>
      </label>
      <Link
        to="habits/1"
      >
        <span
          className="fas fa-edit"
        />
      </Link>
    </styled.div>
    <styled.div
      key="1"
    >
      <input
        checked={false}
        id="habit_2"
        onChange={[Function]}
        type="checkbox"
      />
      <label
        htmlFor="habit_2"
      >
        <div>
          筋トレ
        </div>
        <div>
          0
          日連続
        </div>
      </label>
      <Link
        to="habits/2"
      >
        <span
          className="fas fa-edit"
        />
      </Link>
    </styled.div>
    <styled.div
      key="2"
    >
      <input
        checked={false}
        id="habit_3"
        onChange={[Function]}
        type="checkbox"
      />
      <label
        htmlFor="habit_3"
      >
        <div>
          新しいCDを1枚聴く
        </div>
        <div>
          0
          日連続
        </div>
      </label>
      <Link
        to="habits/3"
      >
        <span
          className="fas fa-edit"
        />
      </Link>
    </styled.div>
  </form>
</StyledCard>
`;
